main.c:126:5:main	24	static
main.c:221:6:SystemClock_Config	88	static
main.c:262:6:system_init	8	static
main.c:278:6:test_LedDebug	8	static
main.c:284:6:test_Button	16	static
main.c:296:6:test_Uart	8	static
main.c:308:6:time_Update	8	static
main.c:318:6:clock_Press	8	static
main.c:328:9:isButtonUp	4	static
main.c:333:9:isButtonDown	4	static
main.c:339:6:time_Display	24	static
main.c:350:6:time_Adjust	24	static
main.c:424:6:alarm_Set	24	static
main.c:452:6:alarm_Check	16	static
main.c:469:6:request_Resend	8	static
main.c:479:6:time_Adjust_RS232	24	static
main.c:570:6:alert_Process	16	static
main.c:627:6:Error_Handler	4	static,ignoring_inline_asm
